/odm/bin/bspFwUpdate 48-56
/odm/bin/engineer_vendor_shell.sh 57-58
/odm/bin/hw/camerasloganserver 60-62
/odm/bin/hw/vendor-oplus-hardware-engineer@1.0-service 63-105
/odm/bin/hw/vendor-oplus-hardware-engsensor@1.0-service 106-128
/odm/bin/hw/vendor-oplus-hardware-transmessage@1.0-service 129-136
/odm/bin/hw/vendor.oplus.hardware.biometrics.face@1.0-service 137-162
/odm/bin/hw/vendor.oplus.hardware.biometrics.fingerprint@2.1-service 163-188
/odm/bin/hw/vendor.oplus.hardware.biometrics.fingerprintpay@1.0-service 189-195
/odm/bin/hw/vendor.oplus.hardware.charger@1.0-service 196-205
/odm/bin/hw/vendor.oplus.hardware.cryptoeng@1.0-service 206-214
/odm/bin/hw/vendor.oplus.hardware.displaypanelfeature@1.0-service 215-227
/odm/bin/hw/vendor.oplus.hardware.engcamera@1.0-service 228-230
/odm/bin/hw/vendor.oplus.hardware.fido.fidoca@1.0-service 231-237
/odm/bin/hw/vendor.oplus.hardware.oplusSensor@1.0-service 238-242
/odm/bin/hw/vendor.oplus.hardware.orms.ormsHalService@1.0-service 243-250
/odm/bin/hw/vendor.oplus.hardware.stability.oplus_project@1.0-service 251-259
/odm/bin/hw/vendor.oplus.hardware.thermalmntcfg@1.0-service 260-265
/odm/bin/hw/vendor.oplus.hardware.touch@1.0-service 266-272
/odm/bin/init.oppo.fingerprints.sh 273
/odm/bin/init.vendor.wifi.autochmod.sh 274-276
/odm/bin/iwpriv_vendor 277-386
/odm/bin/rpmbengclient_test 387-389
/odm/bin/self-init 390-421
/odm/bin/setgsiprop 422-431
/odm/build.prop 432
/odm/etc/20761/build.prop 435
/odm/etc/NOTICE.xml.gz 436
/odm/etc/audio/audio_device/audio_device.xml 439-449
/odm/etc/audio/audio_device/common/audio_device.xml 451-473
/odm/etc/audio/audio_param/AudioParamOptions.xml 475-476
/odm/etc/audio/audio_param/BtInfo_AudioParam.xml 477
/odm/etc/audio/audio_param/BtInfo_ParamUnitDesc.xml 478
/odm/etc/audio/audio_param/HpImpedance_AudioParam.xml 479
/odm/etc/audio/audio_param/HpImpedance_ParamUnitDesc.xml 480
/odm/etc/audio/audio_param/MicInfo_AudioParam.xml 481-482
/odm/etc/audio/audio_param/MicInfo_ParamUnitDesc.xml 483
/odm/etc/audio/audio_param/PlaybackACF_AudioParam.xml 484-486
/odm/etc/audio/audio_param/PlaybackACF_ParamUnitDesc.xml 487
/odm/etc/audio/audio_param/PlaybackDRC_AudioParam.xml 488-491
/odm/etc/audio/audio_param/PlaybackDRC_ParamUnitDesc.xml 492
/odm/etc/audio/audio_param/PlaybackHCF_AudioParam.xml 493-494
/odm/etc/audio/audio_param/PlaybackHCF_ParamUnitDesc.xml 495
/odm/etc/audio/audio_param/PlaybackVolAna_AudioParam.xml 496-497
/odm/etc/audio/audio_param/PlaybackVolAna_ParamUnitDesc.xml 498
/odm/etc/audio/audio_param/PlaybackVolDigi_AudioParam.xml 499-501
/odm/etc/audio/audio_param/PlaybackVolDigi_ParamUnitDesc.xml 502
/odm/etc/audio/audio_param/PlaybackVolUI_AudioParam.xml 503-504
/odm/etc/audio/audio_param/PlaybackVolUI_ParamUnitDesc.xml 505
/odm/etc/audio/audio_param/Playback_AudioParam.xml 506
/odm/etc/audio/audio_param/Playback_ParamTreeView.xml 507
/odm/etc/audio/audio_param/Playback_ParamUnitDesc.xml 508
/odm/etc/audio/audio_param/RecordDMNR_AudioParam.xml 509
/odm/etc/audio/audio_param/RecordDMNR_ParamUnitDesc.xml 510
/odm/etc/audio/audio_param/RecordFIR_AudioParam.xml 511-536
/odm/etc/audio/audio_param/RecordFIR_ParamUnitDesc.xml 537
/odm/etc/audio/audio_param/RecordUI_AudioParam.xml 538-539
/odm/etc/audio/audio_param/RecordUI_ParamUnitDesc.xml 540
/odm/etc/audio/audio_param/RecordVolUI_AudioParam.xml 541
/odm/etc/audio/audio_param/RecordVolUI_ParamUnitDesc.xml 542
/odm/etc/audio/audio_param/RecordVol_AudioParam.xml 543-544
/odm/etc/audio/audio_param/RecordVol_ParamUnitDesc.xml 545
/odm/etc/audio/audio_param/Record_AudioParam.xml 546-561
/odm/etc/audio/audio_param/Record_ParamTreeView.xml 562
/odm/etc/audio/audio_param/Record_ParamUnitDesc.xml 563-566
/odm/etc/audio/audio_param/RingbackVolUI_AudioParam.xml 567
/odm/etc/audio/audio_param/RingbackVolUI_ParamUnitDesc.xml 568
/odm/etc/audio/audio_param/RingbackVol_AudioParam.xml 569
/odm/etc/audio/audio_param/RingbackVol_ParamUnitDesc.xml 570
/odm/etc/audio/audio_param/SmartPa_AudioParam.xml 571-572
/odm/etc/audio/audio_param/SmartPa_ParamUnitDesc.xml 573
/odm/etc/audio/audio_param/SoundEnhancement_AudioParam.xml 574
/odm/etc/audio/audio_param/SoundEnhancement_ParamUnitDesc.xml 575
/odm/etc/audio/audio_param/SpeechDMNR_AudioParam.xml 576-580
/odm/etc/audio/audio_param/SpeechDMNR_ParamUnitDesc.xml 581-587
/odm/etc/audio/audio_param/SpeechEchoRef_AudioParam.xml 588
/odm/etc/audio/audio_param/SpeechEchoRef_ParamUnitDesc.xml 589
/odm/etc/audio/audio_param/SpeechGeneral_AudioParam.xml 590
/odm/etc/audio/audio_param/SpeechGeneral_ParamUnitDesc.xml 591
/odm/etc/audio/audio_param/SpeechMagiClarity_AudioParam.xml 592
/odm/etc/audio/audio_param/SpeechMagiClarity_ParamUnitDesc.xml 593
/odm/etc/audio/audio_param/SpeechNetwork_AudioParam.xml 594
/odm/etc/audio/audio_param/SpeechNetwork_ParamUnitDesc.xml 595
/odm/etc/audio/audio_param/SpeechUI_AudioParam.xml 596-597
/odm/etc/audio/audio_param/SpeechUI_ParamUnitDesc.xml 598-599
/odm/etc/audio/audio_param/SpeechVolUI_AudioParam.xml 600
/odm/etc/audio/audio_param/SpeechVolUI_ParamUnitDesc.xml 601
/odm/etc/audio/audio_param/SpeechVol_AudioParam.xml 602-603
/odm/etc/audio/audio_param/SpeechVol_ParamUnitDesc.xml 604
/odm/etc/audio/audio_param/Speech_AudioParam.xml 605-630
/odm/etc/audio/audio_param/Speech_ParamTreeView.xml 631-639
/odm/etc/audio/audio_param/Speech_ParamUnitDesc.xml 640-651
/odm/etc/audio/audio_param/USBCall_AudioParam.xml 652
/odm/etc/audio/audio_param/USBCall_ParamUnitDesc.xml 653
/odm/etc/audio/audio_param/USBDevice_AudioParam.xml 654
/odm/etc/audio/audio_param/USBDevice_ParamUnitDesc.xml 655
/odm/etc/audio/audio_param/UplinkConfiguration_AudioParam.xml 656
/odm/etc/audio/audio_param/UplinkConfiguration_ParamUnitDesc.xml 657
/odm/etc/audio/audio_param/VOW_AudioParam.xml 658
/odm/etc/audio/audio_param/VOW_ParamUnitDesc.xml 659
/odm/etc/audio/audio_param/VoIPDMNR_AudioParam.xml 660
/odm/etc/audio/audio_param/VoIPDMNR_ParamUnitDesc.xml 661
/odm/etc/audio/audio_param/VoIPGeneral_AudioParam.xml 662
/odm/etc/audio/audio_param/VoIPGeneral_ParamUnitDesc.xml 663
/odm/etc/audio/audio_param/VoIPUI_AudioParam.xml 664
/odm/etc/audio/audio_param/VoIPUI_ParamUnitDesc.xml 665
/odm/etc/audio/audio_param/VoIPVolUI_AudioParam.xml 666
/odm/etc/audio/audio_param/VoIPVolUI_ParamUnitDesc.xml 667
/odm/etc/audio/audio_param/VoIPVol_AudioParam.xml 668
/odm/etc/audio/audio_param/VoIPVol_ParamUnitDesc.xml 669
/odm/etc/audio/audio_param/VoIP_AudioParam.xml 670-671
/odm/etc/audio/audio_param/VoIP_ParamTreeView.xml 672-673
/odm/etc/audio/audio_param/VoIP_ParamUnitDesc.xml 674-677
/odm/etc/audio/audio_param/VoIPv2DMNR_AudioParam.xml 678
/odm/etc/audio/audio_param/VoIPv2DMNR_ParamUnitDesc.xml 679-718
/odm/etc/audio/audio_param/VoIPv2General_AudioParam.xml 719
/odm/etc/audio/audio_param/VoIPv2General_ParamUnitDesc.xml 720
/odm/etc/audio/audio_param/VoIPv2UI_AudioParam.xml 721
/odm/etc/audio/audio_param/VoIPv2UI_ParamUnitDesc.xml 722
/odm/etc/audio/audio_param/VoIPv2_AudioParam.xml 723-737
/odm/etc/audio/audio_param/VoIPv2_ParamTreeView.xml 738-747
/odm/etc/audio/audio_param/VoIPv2_ParamUnitDesc.xml 748-759
/odm/etc/audio/audio_param/VoWDspAec_AudioParam.xml 760-761
/odm/etc/audio/audio_param/VoWDspAec_ParamUnitDesc.xml 762
/odm/etc/audio/audio_param/VoWHwVad_AudioParam.xml 763
/odm/etc/audio/audio_param/VoWHwVad_ParamUnitDesc.xml 764
/odm/etc/audio/audio_param/VolumeGainMapUL_AudioParam.xml 765
/odm/etc/audio/audio_param/VolumeGainMapUL_ParamUnitDesc.xml 766
/odm/etc/audio/audio_param/VolumeGainMap_AudioParam.xml 767-769
/odm/etc/audio/audio_param/VolumeGainMap_ParamUnitDesc.xml 770-771
/odm/etc/audio/audio_param/Volume_AudioParam.xml 772-776
/odm/etc/audio/audio_param/Volume_ParamUnitDesc.xml 777
/odm/etc/audio/aurisys_config/aurisys_config.xml 779-783
/odm/etc/audio/file112.wav 784-1792
/odm/etc/audio/oplus_audio_features.xml 1793
/odm/etc/audio/spk.wav 1794-1854
/odm/etc/audio/test_path/common/mixer_paths.xml 1857-1862
/odm/etc/audio/test_path/mixer_paths.xml 1863-1868
/odm/etc/audio_effects.xml 1869-1870
/odm/etc/bin/gauge_authenticate 1872-1875
/odm/etc/boe_novtek_nt36525b_eyeprotect_data.xml 1876
/odm/etc/build.prop 1877
/odm/etc/camera/engineer_camera_config 1879-1881
/odm/etc/camera/mtCalibrationCfg.xml 1882
/odm/etc/camera/mtInputparam.xml 1883
/odm/etc/camera/mwCalibrationCfg.xml 1884
/odm/etc/camera/mwInputparam.xml 1885
/odm/etc/camera/stereoParams.bin 1886
/odm/etc/dirac/diracmobile.config 1888-2008
/odm/etc/dirac/diracvdd.bin 2009-2011
/odm/etc/ecc_list.xml 2012-2022
/odm/etc/fingerprint/build.default.prop 2024
/odm/etc/fingerprint/build.eea.prop 2025
/odm/etc/fingerprint/build.gsi.prop 2026
/odm/etc/fingerprint/build.t2.prop 2027
/odm/etc/flags.prop 2028
/odm/etc/hlt_ilitek_ili7807s_eyeprotect_data.xml 2029
/odm/etc/hlt_novtek_ac_nt36525b_eyeprotect_data.xml 2030
/odm/etc/init/camerasloganserver.rc 2032
/odm/etc/init/init.network.mt6768.rc 2033
/odm/etc/init/init.oppo.reserve.rc 2034-2035
/odm/etc/init/init.vendor.oppo.connectivity.rc 2036
/odm/etc/init/self-init.rc 2037
/odm/etc/init/setgsiprop.rc 2038
/odm/etc/init/vendor-oplus-hardware-engineer@1.0-service.rc 2039
/odm/etc/init/vendor-oplus-hardware-engsensor@1.0-service.rc 2040
/odm/etc/init/vendor-oplus-hardware-transmessage@1.0-service.rc 2041
/odm/etc/init/vendor.oplus.hardware.biometrics.face@1.0-service.rc 2042
/odm/etc/init/vendor.oplus.hardware.biometrics.fingerprint@2.1-service.rc 2043
/odm/etc/init/vendor.oplus.hardware.biometrics.fingerprintpay@1.0-service.rc 2044
/odm/etc/init/vendor.oplus.hardware.charger@1.0-service.rc 2045
/odm/etc/init/vendor.oplus.hardware.cryptoeng@1.0-service_FDE.rc 2046
/odm/etc/init/vendor.oplus.hardware.displaypanelfeature@1.0-service.rc 2047
/odm/etc/init/vendor.oplus.hardware.engcamera@1.0-service.rc 2048
/odm/etc/init/vendor.oplus.hardware.fido.fidoca@1.0-service.rc 2049
/odm/etc/init/vendor.oplus.hardware.oplusSensor@1.0-service.rc 2050
/odm/etc/init/vendor.oplus.hardware.orms.ormsHalService@1.0-service.rc 2051
/odm/etc/init/vendor.oplus.hardware.stability.oplus_project@1.0-service.rc 2052
/odm/etc/init/vendor.oplus.hardware.thermalmntcfg@1.0-service.rc 2053
/odm/etc/init/vendor.oplus.hardware.touch@1.0-service.rc 2054
/odm/etc/init/vendor_engineermode.rc 2055
/odm/etc/media_codecs_ffmpeg.xml 2056
/odm/etc/media_codecs_mediatek_odm.xml 2057
/odm/etc/media_codecs_vendor_oplus.xml 2058
/odm/etc/normalize/flags.prop 2060
/odm/etc/nxp/CMCC/Phone_bt_bt.bin 2063
/odm/etc/nxp/CMCC/Phone_hsmic_hs.bin 2064
/odm/etc/nxp/CMCC/Phone_mic_hp.bin 2065
/odm/etc/nxp/CMCC/Phone_mic_recv.bin 2066
/odm/etc/nxp/CMCC/Phone_mic_spk.bin 2067
/odm/etc/nxp/CMCC/Phone_mic_spk_ev.bin 2068
/odm/etc/nxp/CMCC/Record_hs_APP1.bin 2069
/odm/etc/nxp/CMCC/Record_hs_APP2.bin 2069
/odm/etc/nxp/CMCC/Record_hs_cam.bin 2070
/odm/etc/nxp/CMCC/Record_hs_conference.bin 2071
/odm/etc/nxp/CMCC/Record_hs_fast.bin 2072
/odm/etc/nxp/CMCC/Record_hs_interview.bin 2071
/odm/etc/nxp/CMCC/Record_hs_normal.bin 2071
/odm/etc/nxp/CMCC/Record_hs_unprocess.bin 2073
/odm/etc/nxp/CMCC/Record_hs_vr.bin 2071
/odm/etc/nxp/CMCC/Record_mic_APP1.bin 2074
/odm/etc/nxp/CMCC/Record_mic_APP2.bin 2075
/odm/etc/nxp/CMCC/Record_mic_cam.bin 2076
/odm/etc/nxp/CMCC/Record_mic_conference.bin 2077
/odm/etc/nxp/CMCC/Record_mic_fast.bin 2078
/odm/etc/nxp/CMCC/Record_mic_interview.bin 2079
/odm/etc/nxp/CMCC/Record_mic_normal.bin 2080
/odm/etc/nxp/CMCC/Record_mic_unprocess.bin 2081
/odm/etc/nxp/CMCC/Record_mic_vr.bin 2082
/odm/etc/nxp/CMCC/VoIP_App1_bt_bt.bin 2083
/odm/etc/nxp/CMCC/VoIP_App1_hsmic_hs.bin 2084
/odm/etc/nxp/CMCC/VoIP_App1_mic_hp.bin 2085
/odm/etc/nxp/CMCC/VoIP_App1_mic_hs.bin 2086
/odm/etc/nxp/CMCC/VoIP_App1_mic_recv.bin 2087
/odm/etc/nxp/CMCC/VoIP_App1_mic_spk.bin 2088
/odm/etc/nxp/CMCC/VoIP_App2_bt_bt.bin 2083
/odm/etc/nxp/CMCC/VoIP_App2_hsmic_hs.bin 2084
/odm/etc/nxp/CMCC/VoIP_App2_mic_hp.bin 2085
/odm/etc/nxp/CMCC/VoIP_App2_mic_hs.bin 2089
/odm/etc/nxp/CMCC/VoIP_App2_mic_recv.bin 2090
/odm/etc/nxp/CMCC/VoIP_App2_mic_spk.bin 2091
/odm/etc/nxp/CMCC/VoIP_bt_bt.bin 2083
/odm/etc/nxp/CMCC/VoIP_hsmic_hs.bin 2084
/odm/etc/nxp/CMCC/VoIP_hsmic_hs_game.bin 2092
/odm/etc/nxp/CMCC/VoIP_mic_hp.bin 2085
/odm/etc/nxp/CMCC/VoIP_mic_hp_game.bin 2093
/odm/etc/nxp/CMCC/VoIP_mic_hs.bin 2086
/odm/etc/nxp/CMCC/VoIP_mic_recv.bin 2087
/odm/etc/nxp/CMCC/VoIP_mic_recv_game.bin 2094
/odm/etc/nxp/CMCC/VoIP_mic_spk.bin 2088
/odm/etc/nxp/CMCC/VoIP_mic_spk_game.bin 2095
/odm/etc/nxp/CT/Phone_bt_bt.bin 2063
/odm/etc/nxp/CT/Phone_hsmic_hs.bin 2064
/odm/etc/nxp/CT/Phone_mic_hp.bin 2065
/odm/etc/nxp/CT/Phone_mic_recv.bin 2066
/odm/etc/nxp/CT/Phone_mic_spk.bin 2067
/odm/etc/nxp/CT/Phone_mic_spk_ev.bin 2068
/odm/etc/nxp/CT/Record_hs_APP1.bin 2069
/odm/etc/nxp/CT/Record_hs_APP2.bin 2069
/odm/etc/nxp/CT/Record_hs_cam.bin 2070
/odm/etc/nxp/CT/Record_hs_conference.bin 2071
/odm/etc/nxp/CT/Record_hs_fast.bin 2072
/odm/etc/nxp/CT/Record_hs_interview.bin 2071
/odm/etc/nxp/CT/Record_hs_normal.bin 2071
/odm/etc/nxp/CT/Record_hs_unprocess.bin 2073
/odm/etc/nxp/CT/Record_hs_vr.bin 2071
/odm/etc/nxp/CT/Record_mic_APP1.bin 2074
/odm/etc/nxp/CT/Record_mic_APP2.bin 2075
/odm/etc/nxp/CT/Record_mic_cam.bin 2076
/odm/etc/nxp/CT/Record_mic_conference.bin 2077
/odm/etc/nxp/CT/Record_mic_fast.bin 2078
/odm/etc/nxp/CT/Record_mic_interview.bin 2079
/odm/etc/nxp/CT/Record_mic_normal.bin 2080
/odm/etc/nxp/CT/Record_mic_unprocess.bin 2081
/odm/etc/nxp/CT/Record_mic_vr.bin 2082
/odm/etc/nxp/CT/VoIP_App1_bt_bt.bin 2083
/odm/etc/nxp/CT/VoIP_App1_hsmic_hs.bin 2084
/odm/etc/nxp/CT/VoIP_App1_mic_hp.bin 2085
/odm/etc/nxp/CT/VoIP_App1_mic_hs.bin 2086
/odm/etc/nxp/CT/VoIP_App1_mic_recv.bin 2087
/odm/etc/nxp/CT/VoIP_App1_mic_spk.bin 2088
/odm/etc/nxp/CT/VoIP_App2_bt_bt.bin 2083
/odm/etc/nxp/CT/VoIP_App2_hsmic_hs.bin 2084
/odm/etc/nxp/CT/VoIP_App2_mic_hp.bin 2085
/odm/etc/nxp/CT/VoIP_App2_mic_hs.bin 2089
/odm/etc/nxp/CT/VoIP_App2_mic_recv.bin 2090
/odm/etc/nxp/CT/VoIP_App2_mic_spk.bin 2091
/odm/etc/nxp/CT/VoIP_bt_bt.bin 2083
/odm/etc/nxp/CT/VoIP_hsmic_hs.bin 2084
/odm/etc/nxp/CT/VoIP_hsmic_hs_game.bin 2092
/odm/etc/nxp/CT/VoIP_mic_hp.bin 2085
/odm/etc/nxp/CT/VoIP_mic_hp_game.bin 2093
/odm/etc/nxp/CT/VoIP_mic_hs.bin 2086
/odm/etc/nxp/CT/VoIP_mic_recv.bin 2087
/odm/etc/nxp/CT/VoIP_mic_recv_game.bin 2094
/odm/etc/nxp/CT/VoIP_mic_spk.bin 2088
/odm/etc/nxp/CT/VoIP_mic_spk_game.bin 2095
/odm/etc/nxp/Phone_bt_bt.bin 2063
/odm/etc/nxp/Phone_hsmic_hs.bin 2097
/odm/etc/nxp/Phone_mic_hp.bin 2098
/odm/etc/nxp/Phone_mic_recv.bin 2099
/odm/etc/nxp/Phone_mic_spk.bin 2100
/odm/etc/nxp/Phone_mic_spk_ev.bin 2068
/odm/etc/nxp/Phone_usbmic_usb.bin 2063
/odm/etc/nxp/Record_hs_APP1.bin 2101
/odm/etc/nxp/Record_hs_APP2.bin 2101
/odm/etc/nxp/Record_hs_cam.bin 2102
/odm/etc/nxp/Record_hs_conference.bin 2103
/odm/etc/nxp/Record_hs_fast.bin 2072
/odm/etc/nxp/Record_hs_interview.bin 2071
/odm/etc/nxp/Record_hs_normal.bin 2104
/odm/etc/nxp/Record_hs_unprocess.bin 2073
/odm/etc/nxp/Record_hs_vr.bin 2104
/odm/etc/nxp/Record_mic_APP1.bin 2105
/odm/etc/nxp/Record_mic_APP2.bin 2106
/odm/etc/nxp/Record_mic_cam.bin 2107
/odm/etc/nxp/Record_mic_conference.bin 2108
/odm/etc/nxp/Record_mic_fast.bin 2078
/odm/etc/nxp/Record_mic_interview.bin 2109
/odm/etc/nxp/Record_mic_normal.bin 2110
/odm/etc/nxp/Record_mic_unprocess.bin 2081
/odm/etc/nxp/Record_mic_vr.bin 2082
/odm/etc/nxp/VoIP_App1_bt_bt.bin 2083
/odm/etc/nxp/VoIP_App1_hsmic_hs.bin 2084
/odm/etc/nxp/VoIP_App1_mic_hp.bin 2085
/odm/etc/nxp/VoIP_App1_mic_hs.bin 2086
/odm/etc/nxp/VoIP_App1_mic_recv.bin 2111
/odm/etc/nxp/VoIP_App1_mic_spk.bin 2112
/odm/etc/nxp/VoIP_App2_bt_bt.bin 2083
/odm/etc/nxp/VoIP_App2_hsmic_hs.bin 2084
/odm/etc/nxp/VoIP_App2_mic_hp.bin 2085
/odm/etc/nxp/VoIP_App2_mic_hs.bin 2089
/odm/etc/nxp/VoIP_App2_mic_recv.bin 2113
/odm/etc/nxp/VoIP_App2_mic_spk.bin 2114
/odm/etc/nxp/VoIP_bt_bt.bin 2083
/odm/etc/nxp/VoIP_hsmic_hs.bin 2084
/odm/etc/nxp/VoIP_hsmic_hs_game.bin 2092
/odm/etc/nxp/VoIP_mic_hp.bin 2085
/odm/etc/nxp/VoIP_mic_hp_game.bin 2093
/odm/etc/nxp/VoIP_mic_hs.bin 2086
/odm/etc/nxp/VoIP_mic_recv.bin 2111
/odm/etc/nxp/VoIP_mic_recv_game.bin 2094
/odm/etc/nxp/VoIP_mic_spk.bin 2115
/odm/etc/nxp/VoIP_mic_spk_game.bin 2095
/odm/etc/nxp/tfa98xx_device.bin 2116
/odm/etc/nxp/tfa98xx_music.bin 2117
/odm/etc/nxp/tfa98xx_ringtone.bin 2118
/odm/etc/nxp/tfa98xx_voice.bin 2119
/odm/etc/oplus.fstab 2120
/odm/etc/orms/orms_core_config.xml 2122-2147
/odm/etc/orms/orms_permission_config.xml 2148
/odm/etc/permissions/android.hardware.sensor.light.xml 2150
/odm/etc/permissions/android.hardware.sensor.proximity.xml 2151
/odm/etc/permissions/com.oppo.features_allnet_camera_20761.xml 2152
/odm/etc/permissions/com.oppo.features_allnet_multimedia_20761.xml 2153
/odm/etc/permissions/vendor-oplus-hardware-biometrics-fido.xml 2154
/odm/etc/permissions/vendor-oplus-hardware-biometrics-fingerprintpay.xml 2155
/odm/etc/permissions/vendor-oplus-hardware-charger.xml 2156
/odm/etc/permissions/vendor-oplus-hardware-cryptoeng.xml 2157
/odm/etc/permissions/vendor-oplus-hardware-engineer.xml 2158
/odm/etc/permissions/vendor-oplus-hardware-engsensor.xml 2159
/odm/etc/permissions/vendor-oplus-hardware-oplusSensor.xml 2160
/odm/etc/permissions/vendor-oplus-hardware-transmessage.xml 2161
/odm/etc/power_profile/power_monitor_config_20761.xml 2163
/odm/etc/power_profile/power_profile.xml 2164-2166
/odm/etc/self_init_config/common/self_init_config.xml 2169-2176
/odm/etc/sensor/sensor_config.json 2178
/odm/etc/temperature_profile/sys_high_temp_protect_OPPO_20761.xml 2180
/odm/etc/truly_ilitek_ili9882n_eyeprotect_data.xml 2181
/odm/etc/vendor_wifi_rus_config.xml 2182
/odm/etc/vintf/manifest/manifest_engineer.xml 2185
/odm/etc/vintf/manifest/manifest_engsensor.xml 2186
/odm/etc/vintf/manifest/manifest_oplusSensor.xml 2187
/odm/etc/vintf/manifest/manifest_oplus_camera_slogan.xml 2188
/odm/etc/vintf/manifest/manifest_oplus_charger.xml 2189
/odm/etc/vintf/manifest/manifest_oplus_displaypanelfeature.xml 2190
/odm/etc/vintf/manifest/manifest_oplus_engcamera.xml 2191
/odm/etc/vintf/manifest/manifest_oplus_fido.xml 2192
/odm/etc/vintf/manifest/manifest_oplus_orms.xml 2193
/odm/etc/vintf/manifest/manifest_oplus_stability_project.xml 2194
/odm/etc/vintf/manifest/manifest_oplus_thermalmntcfg.xml 2195
/odm/etc/vintf/manifest/manifest_oplus_touch.xml 2196
/odm/etc/vintf/manifest/manifest_transmessage.xml 2197
/odm/etc/wifi/txpowerctrl.cfg 2199
/odm/firmware/tfa/tfa/common/tfa98xx.cnt 2204-2205
/odm/firmware/tfa/tfa/tfa9894/tfa98xx.cnt 2207
/odm/firmware/tfa/tfa/tfa98xx.cnt 2207
/odm/firmware/tp/206AC/FW_GT9886_SAMSUNG.img 2210-2232
/odm/firmware/tp/206AC/FW_GT9886_SAMSUNG_FAE.img 2233-2255
/odm/firmware/tp/206AC/FW_NF_NT36525B_HLT.bin 2256-2272 0 0 0 2273-2275 0 0 0 2276-2277 0 2278
/odm/firmware/tp/206AC/FW_NF_NT36525B_HLT_FAE.bin 2279-2295 0 0 0 2296-2298 0 0 0 2299-2301
/odm/firmware/tp/206AC/FW_NF_NT36525B_HLT_TEST.bin 2302-2312 0 0 0 0 0 0 0 0 0 2296-2298 0 0 0 2313 2300 2314
/odm/firmware/tp/206AC/LIMIT_GT9886_SAMSUNG.img 2316-2318
/odm/firmware/tp/206AC/LIMIT_NF_NT36525B_HLT.img 2319-2327
/odm/firmware/tp/20761/FW_NF_ILI7807S_HLT.bin 2329-2416
/odm/firmware/tp/20761/FW_NF_ILI7807S_HLT_FAE.bin 2417-2504
/odm/firmware/tp/20761/FW_NF_ILI9882N_TRULY.bin 2505-2558 2383-2384 2559-2582 2409 2583 2585-2588 2415 2589
/odm/firmware/tp/20761/FW_NF_ILI9882N_TRULY_FAE.bin 2590-2643 2471-2472 2644-2667 2497 2668 2670-2673 2503 2674
/odm/firmware/tp/20761/LIMIT_NF_ILI7807S_HLT.ini 2675-2701
/odm/firmware/tp/20761/LIMIT_NF_ILI9882N_TRULY.ini 2702-2712
/odm/framework/vendor.oplus.hardware.appradio-V1.0-java.jar 2714-2718
/odm/framework/vendor.oplus.hardware.biometrics.fingerprintpay-V1.0-java.jar 2719-2721
/odm/framework/vendor.oplus.hardware.charger-V1.0-java.jar 2722-2724
/odm/framework/vendor.oplus.hardware.cryptoeng-V1.0-java.jar 2725-2727
/odm/framework/vendor.oplus.hardware.fido.fidoca-V1.0-java.jar 2728-2730
/odm/framework/vendor.oplus.hardware.ims-V1.0-java.jar 2731-2734
/odm/framework/vendor.oplus.hardware.oplusSensor-V1.0-java.jar 2735-2737
/odm/framework/vendor.oplus.hardware.orms-V1.0-java.jar 2738-2740
/odm/framework/vendor.oplus.hardware.orms.ormsHalService-V1.0-java.jar 2741-2743
/odm/framework/vendor.oplus.hardware.radio-V1.0-java.jar 2744-2751
/odm/framework/vendor.oplus.hardware.stability.oplus_project-V1.0-java.jar 2752-2754
/odm/framework/vendor.oplus.hardware.thermalmntcfg-V1.0-java.jar 2755-2757
/odm/framework/vendor.oplus.hardware.touch-V1.0-java.jar 2758-2760
/odm/init.oplus.face.rc 2761
/odm/init.oppo.seccommon.rc 2762
/odm/lib/anc.hal.so 2764-2789
/odm/lib/hw/fingerprint.goodix_G2.default.so 2791-2792
/odm/lib/hw/fingerprint.goodix_G3.default.so 2793-2795
/odm/lib/hw/fingerprint.goodix_G5.default.so 2796-2797
/odm/lib/hw/fingerprint.goodix_G6.default.so 2798-2799
/odm/lib/hw/fingerprint.silead.default.so 2800-2802
/odm/lib/hw/vendor.oplus.hardware.camera.slogan@1.0-impl.so 2803-2806
/odm/lib/hw/vendor.oplus.hardware.engcamera@1.0-impl.so 2807-2812
/odm/lib/hw/vendor.oplus.hardware.orms.ormsHalService@1.0-impl.so 2813-2818
/odm/lib/libDiracAPI_SHARED.so 2819-3445
/odm/lib/libRbsFlow.so 3446-3485
/odm/lib/libRbsFlow_cap.so 3486-3510
/odm/lib/libarcsoft_dualcam_wt_calibration.so 3511-3513
/odm/lib/libarcsoft_dualcam_wt_verification.so 3514-3516
/odm/lib/libavcodec.so 3517-6097
/odm/lib/libavformat.so 6098-6390
/odm/lib/libavutil.so 6391-6495
/odm/lib/libbsproxy.so 6496-6501
/odm/lib/libcalibverifyW_T.so 6502-7091
/odm/lib/libdav1d.so.4 7092-7273
/odm/lib/libdiracapwrapper.so 7274-7321
/odm/lib/libdpservice.so 7322-7328
/odm/lib/libffmpeg_omx.so 7329-7341
/odm/lib/libffmpeg_utils.so 7342-7345
/odm/lib/libfido_factory.so 7346-7349
/odm/lib/libgf_hal_G2.so 7350-8035
/odm/lib/libgf_hal_G3.so 8036-8737
/odm/lib/libgf_hal_G5.so 8738-8781
/odm/lib/libgf_hal_G6.so 8782-8835
/odm/lib/libmxmafa.so 8836-8859
/odm/lib/libormshalclient.so 8860-8863
/odm/lib/librpmbengclient.so 8864-8865
/odm/lib/libsl_fp_impl.so 8866-8916
/odm/lib/libstfaceunlockppl.so 8917-20502 0 0 0 0 0 0 0 0 0 0 0 0 0 0 20503-20562
/odm/lib/libswresample.so 20563-20583
/odm/lib/libswscale.so 20584-20690
/odm/lib/libtrustonic_keybox_ca.so 20691-20692
/odm/lib/sensors.virtual.so 20693-20700
/odm/lib/soundfx/libdirac.so 20702-20723
/odm/lib/soundfx/libdiraceffect.so 20724-20967 20967-20968
/odm/lib/vendor.oplus.hardware.appradio@1.0.so 20969-21002
/odm/lib/vendor.oplus.hardware.biometrics.face@1.0.so 21003-21042
/odm/lib/vendor.oplus.hardware.biometrics.faceservice@1.0.so 21043-21055
/odm/lib/vendor.oplus.hardware.biometrics.fingerprint@2.1.so 21056-21096
/odm/lib/vendor.oplus.hardware.biometrics.fingerprintpay@1.0.so 21097-21125
/odm/lib/vendor.oplus.hardware.biometrics.fingerprintservice@1.0.so 21126-21139
/odm/lib/vendor.oplus.hardware.camera.slogan@1.0.so 21140-21153
/odm/lib/vendor.oplus.hardware.charger@1.0.so 21154-21183
/odm/lib/vendor.oplus.hardware.commondcs@1.0.so 21184-21197
/odm/lib/vendor.oplus.hardware.cryptoeng@1.0.so 21198-21210
/odm/lib/vendor.oplus.hardware.displaypanelfeature@1.0.so 21211-21225
/odm/lib/vendor.oplus.hardware.engcamera@1.0.so 21226-21251
/odm/lib/vendor.oplus.hardware.engineer@1.0.so 21252-21292
/odm/lib/vendor.oplus.hardware.engsensor@1.0.so 21293-21307
/odm/lib/vendor.oplus.hardware.fido.fidoca@1.0.so 21308-21322
/odm/lib/vendor.oplus.hardware.ims@1.0.so 21323-21351
/odm/lib/vendor.oplus.hardware.oplusSensor@1.0.so 21352-21366
/odm/lib/vendor.oplus.hardware.orms.ormsHalService@1.0.so 21367-21391
/odm/lib/vendor.oplus.hardware.orms@1.0.so 21392-21406
/odm/lib/vendor.oplus.hardware.radio@1.0.so 21407-21481
/odm/lib/vendor.oplus.hardware.stability.oplus_project@1.0.so 21482-21497
/odm/lib/vendor.oplus.hardware.thermalmntcfg@1.0.so 21498-21512
/odm/lib/vendor.oplus.hardware.touch@1.0.so 21513-21527
/odm/lib/vendor.oplus.hardware.transmessage@1.0.so 21528-21545
/odm/lib/vendor.oplus.hardware.wifi.supplicant@2.0.so 21546-21611
/odm/lib64/anc.hal.so 21613-21652
/odm/lib64/hw/fingerprint.goodix_G2.default.so 21654-21657
/odm/lib64/hw/fingerprint.goodix_G3.default.so 21658-21661
/odm/lib64/hw/fingerprint.goodix_G5.default.so 21662-21665
/odm/lib64/hw/fingerprint.goodix_G6.default.so 21666-21669
/odm/lib64/hw/fingerprint.silead.default.so 21670-21673
/odm/lib64/hw/fpsensor_fingerprint.default.so 21674-21737
/odm/lib64/hw/vendor.oplus.hardware.camera.slogan@1.0-impl.so 21738-21743
/odm/lib64/hw/vendor.oplus.hardware.engcamera@1.0-impl.so 21744-21752
/odm/lib64/hw/vendor.oplus.hardware.orms.ormsHalService@1.0-impl.so 21753-21762
/odm/lib64/libRbsFlow.so 21763-21817
/odm/lib64/libRbsFlow_cap.so 21818-21851
/odm/lib64/libTeeClient.so 21852-21935
/odm/lib64/libarcsoft_dualcam_wt_calibration.so 21936-21939
/odm/lib64/libarcsoft_dualcam_wt_verification.so 21940-21942
/odm/lib64/libavcodec.so 21943-24415
/odm/lib64/libavformat.so 24416-24706
/odm/lib64/libavutil.so 24707-24803
/odm/lib64/libbsproxy.so 24804-24813
/odm/lib64/libcalibverifyW_T.so 24814-25621
/odm/lib64/libdav1d.so.4 25622-25809
/odm/lib64/libdpservice.so 25810-25820
/odm/lib64/libegis_hal.so 25821-25829
/odm/lib64/libffmpeg_utils.so 25830-25835
/odm/lib64/libfido_factory.so 25836-25840
/odm/lib64/libgf_hal_G2.so 25841-26546
/odm/lib64/libgf_hal_G3.so 26547-27272
/odm/lib64/libgf_hal_G5.so 27273-27335
/odm/lib64/libgf_hal_G6.so 27336-27410
/odm/lib64/libhwm-oppo.so 27411-27426
/odm/lib64/libmxmafa.so 27427-27462
/odm/lib64/libormshalclient.so 27463-27468
/odm/lib64/librpmbengclient.so 27469-27471
/odm/lib64/libsl_fp_impl.so 27472-27549
/odm/lib64/libswresample.so 27550-27570
/odm/lib64/libswscale.so 27571-27682
/odm/lib64/libtrustonic_keybox_ca.so 27683-27685
/odm/lib64/sensors.virtual.so 27686-27697
/odm/lib64/vendor.oplus.hardware.appradio@1.0.so 27698-27743
/odm/lib64/vendor.oplus.hardware.biometrics.face@1.0.so 27744-27798
/odm/lib64/vendor.oplus.hardware.biometrics.faceservice@1.0.so 27799-27816
/odm/lib64/vendor.oplus.hardware.biometrics.fingerprint@2.1.so 27817-27872
/odm/lib64/vendor.oplus.hardware.biometrics.fingerprintpay@1.0.so 27873-27912
/odm/lib64/vendor.oplus.hardware.biometrics.fingerprintservice@1.0.so 27913-27931
/odm/lib64/vendor.oplus.hardware.camera.slogan@1.0.so 27932-27951
/odm/lib64/vendor.oplus.hardware.charger@1.0.so 27952-27992
/odm/lib64/vendor.oplus.hardware.commondcs@1.0.so 27993-28011
/odm/lib64/vendor.oplus.hardware.cryptoeng@1.0.so 28012-28030
/odm/lib64/vendor.oplus.hardware.displaypanelfeature@1.0.so 28031-28051
/odm/lib64/vendor.oplus.hardware.engcamera@1.0.so 28052-28087
/odm/lib64/vendor.oplus.hardware.engineer@1.0.so 28088-28143
/odm/lib64/vendor.oplus.hardware.engsensor@1.0.so 28144-28164
/odm/lib64/vendor.oplus.hardware.fido.fidoca@1.0.so 28165-28185
/odm/lib64/vendor.oplus.hardware.ims@1.0.so 28186-28226
/odm/lib64/vendor.oplus.hardware.oplusSensor@1.0.so 28227-28247
/odm/lib64/vendor.oplus.hardware.orms.ormsHalService@1.0.so 28248-28281
/odm/lib64/vendor.oplus.hardware.orms@1.0.so 28282-28302
/odm/lib64/vendor.oplus.hardware.radio@1.0.so 28303-28408
/odm/lib64/vendor.oplus.hardware.stability.oplus_project@1.0.so 28409-28430
/odm/lib64/vendor.oplus.hardware.thermalmntcfg@1.0.so 28431-28451
/odm/lib64/vendor.oplus.hardware.touch@1.0.so 28452-28472
/odm/lib64/vendor.oplus.hardware.transmessage@1.0.so 28473-28497
/odm/lib64/vendor.oplus.hardware.wifi.supplicant@2.0.so 28498-28588
/odm/overlay/MultimediaOverlay.20761.apk 28590-28592
/odm/vendor/app/mcRegistry/030c0000000000000000000000000000.drbin 28596-28598
/odm/vendor/app/mcRegistry/030c0000000000000000000000000000.tlbin 28596-28598
/odm/vendor/app/mcRegistry/030f0000000000000000000000000000.drbin 28599-28601
/odm/vendor/app/mcRegistry/030f0000000000000000000000000000.tlbin 28599-28601
/odm/vendor/app/mcRegistry/04320000000000000000000000000000.tlbin 28602-28609
/odm/vendor/app/mcRegistry/05220000000000000000000000000000.tlbin 28610-28747
/odm/vendor/app/mcRegistry/070f0000000000000000000000000a0a.tlbin 28748-28767
/odm/vendor/app/mcRegistry/08010203000000000000000000000000.tabin 28768-28776
/odm/vendor/app/mcRegistry/08080000000000000000000000000000.tlbin 28777-29301 0 0 0 0 0 0 0 0 0 0 0 0 0 0 0 0 0 0 0 0 0 0 0 0 0 0 0 0 0 0 0 29302
/odm/vendor/app/mcRegistry/09060000000000000000000000000000.tabin 29303-29337
/odm/vendor/app/mcRegistry/09070000000000000000000000000000.drbin 29338-29339
/odm/vendor/app/mcRegistry/09080000000000000000000000000000.tlbin 29340-29363
/odm/vendor/app/mcRegistry/511ead0a000000000000000000000000.tabin 29364-29857
