/product/app/com.google.android.modulemetadata/com.google.android.modulemetadata.apk 21-27
/product/app/com.google.mainline.telemetry/com.google.mainline.telemetry.apk 29-34
/product/bin/dmabuf_dump 36-47
/product/bin/init.oplus.nandswap.sh 48
/product/build.prop 49
/product/etc/NOTICE.xml.gz 51
/product/etc/default-permissions/default-permissions-google.xml 53
/product/etc/init/init.oplus.nandswap.rc 55
/product/etc/permissions/privapp-permissions-google-comms-suite.xml 57
/product/etc/permissions/privapp-permissions-google-product.xml 58-62
/product/etc/permissions/privapp-permissions-oppo.xml 63-76
/product/etc/permissions/product-permissions-mediatek.xml 77
/product/etc/permissions/split-permissions-google.xml 78
/product/etc/preferred-apps/google.xml 80-82
/product/etc/security/fsverity/play_store_fsi_cert.der 85
/product/etc/selinux/product_sepolicy_and_mapping.sha256 87
/product/etc/selinux/product_sepolicy_and_mapping_debug.sha256 87
/product/etc/sysconfig/GoogleCellBroadcast_config.xml 89
/product/etc/sysconfig/com.google.android.mainline.patchlevel.1.xml 90
/product/etc/sysconfig/google-rollback-package-whitelist.xml 91
/product/etc/sysconfig/google-staged-installer-whitelist.xml 92
/product/etc/sysconfig/google.xml 93-94
/product/etc/sysconfig/preinstalled-packages-platform-handheld-product.xml 95
/product/etc/sysconfig/preinstalled-packages-platform-overlays.xml 96
/product/etc/sysconfig/wellbeing.xml 97
/product/framework/com.google.android.dialer.support.jar 99
/product/media/audio/ui/Dock.ogg 103-104
/product/media/audio/ui/Effect_Tick.ogg 105-106
/product/media/audio/ui/InCallNotification.ogg 107-108
/product/media/audio/ui/KeypressDelete.ogg 109-110
/product/media/audio/ui/KeypressReturn.ogg 109-110
/product/media/audio/ui/KeypressSpacebar.ogg 109-110
/product/media/audio/ui/KeypressStandard.ogg 109-110
/product/media/audio/ui/Lock.ogg 111-112
/product/media/audio/ui/LowBattery.ogg 113-115
/product/media/audio/ui/Undock.ogg 116-121
/product/media/audio/ui/Unlock.ogg 111 122
/product/media/audio/ui/VideoRecord.ogg 111 123-125
/product/media/audio/ui/camera_click.ogg 111 126-127
/product/media/audio/ui/camera_focus.ogg 111 128
/product/overlay/AccentColorBlack/AccentColorBlackOverlay.apk 131-133
/product/overlay/AccentColorCinnamon/AccentColorCinnamonOverlay.apk 135-137
/product/overlay/AccentColorGreen/AccentColorGreenOverlay.apk 139-141
/product/overlay/AccentColorOcean/AccentColorOceanOverlay.apk 143-145
/product/overlay/AccentColorOrchid/AccentColorOrchidOverlay.apk 147-149
/product/overlay/AccentColorPurple/AccentColorPurpleOverlay.apk 151-153
/product/overlay/AccentColorSpace/AccentColorSpaceOverlay.apk 155-157
/product/overlay/DisplayCutoutEmulationHole/DisplayCutoutEmulationHoleOverlay.apk 159-164
/product/overlay/DisplayCutoutEmulationWaterfall/DisplayCutoutEmulationWaterfallOverlay.apk 166-171
/product/overlay/FontNotoSerifSource/FontNotoSerifSourceOverlay.apk 173-175
/product/overlay/GoogleDocumentsUIOverlay.apk 176-178
/product/overlay/GoogleExtServicesConfigOverlay.apk 179-181
/product/overlay/GooglePermissionControllerFrameworkOverlay.apk 182-184
/product/overlay/GooglePermissionControllerOverlay.apk 185-187
/product/overlay/IconPackCircularAndroid/IconPackCircularAndroidOverlay.apk 189-209
/product/overlay/IconPackCircularLauncher/IconPackCircularLauncherOverlay.apk 211-217
/product/overlay/IconPackCircularSettings/IconPackCircularSettingsOverlay.apk 219-239
/product/overlay/IconPackCircularSystemUI/IconPackCircularSystemUIOverlay.apk 241-257
/product/overlay/IconPackCircularThemePicker/IconPackCircularThemePickerOverlay.apk 259-264
/product/overlay/IconPackFilledAndroid/IconPackFilledAndroidOverlay.apk 266-283
/product/overlay/IconPackFilledLauncher/IconPackFilledLauncherOverlay.apk 285-291
/product/overlay/IconPackFilledSettings/IconPackFilledSettingsOverlay.apk 293-311
/product/overlay/IconPackFilledSystemUI/IconPackFilledSystemUIOverlay.apk 313-327
/product/overlay/IconPackFilledThemePicker/IconPackFilledThemePickerOverlay.apk 329-333
/product/overlay/IconPackRoundedAndroid/IconPackRoundedAndroidOverlay.apk 335-354
/product/overlay/IconPackRoundedLauncher/IconPackRoundedLauncherOverlay.apk 356-362
/product/overlay/IconPackRoundedSettings/IconPackRoundedSettingsOverlay.apk 364-384
/product/overlay/IconPackRoundedSystemUI/IconPackRoundedSystemUIOverlay.apk 386-402
/product/overlay/IconPackRoundedThemePicker/IconPackRoundedThemePickerOverlay.apk 404-409
/product/overlay/IconShapePebble/IconShapePebbleOverlay.apk 411-413
/product/overlay/IconShapeRoundedRect/IconShapeRoundedRectOverlay.apk 415-417
/product/overlay/IconShapeSquircle/IconShapeSquircleOverlay.apk 419-421
/product/overlay/IconShapeTaperedRect/IconShapeTaperedRectOverlay.apk 423-425
/product/overlay/IconShapeTeardrop/IconShapeTeardropOverlay.apk 427-429
/product/overlay/IconShapeVessel/IconShapeVesselOverlay.apk 431-433
/product/overlay/ModuleMetadataGoogleOverlay.apk 434-436
/product/overlay/NavigationBarMode3Button/NavigationBarMode3ButtonOverlay.apk 438-440
/product/overlay/NavigationBarModeGestural/NavigationBarModeGesturalOverlay.apk 442-445
/product/overlay/NavigationBarModeGesturalExtraWideBack/NavigationBarModeGesturalOverlayExtraWideBack.apk 447-450
/product/overlay/NavigationBarModeGesturalNarrowBack/NavigationBarModeGesturalOverlayNarrowBack.apk 452-455
/product/overlay/NavigationBarModeGesturalWideBack/NavigationBarModeGesturalOverlayWideBack.apk 457-460
/product/overlay/framework-res__auto_generated_rro_product.apk 461-489
